// Jest Snapshot v1, https://goo.gl/fbAQLP

exports[`<RecordsCounter /> shows records count 1`] = `
<div
  className="rtc-records-counter"
>
  Showing 1 to 10 of 1000 records
</div>
`;
